2025-11-12 11:06:24 - INFO - wb_parcing_orig:23 - браузер запущен
2025-11-12 11:06:45 - INFO - wb_parcing_orig:26 - сайт входа загружен
2025-11-12 11:06:45 - INFO - wb_parcing_orig:28 - ожидание появления полей ввода
2025-11-12 11:06:45 - INFO - wb_parcing_orig:33 - найдены поля для ввода логина и пароля и кнопки входа
2025-11-12 11:06:46 - INFO - wb_parcing_orig:37 - ввод логина и пароля
2025-11-12 11:06:51 - INFO - wb_parcing_orig:40 - тап по кнопке входа
2025-11-12 11:06:51 - INFO - wb_parcing_orig:43 - проверяем наличие всплывающего окна
2025-11-12 11:06:54 - INFO - wb_parcing_orig:51 - не появилось, идем далее
2025-11-12 11:06:54 - INFO - wb_parcing_orig:55 - переходим на страницу продавца
2025-11-12 11:07:26 - INFO - wb_parcing_orig:57 - переход на страницу продавца
2025-11-12 11:07:26 - INFO - wb_parcing_orig:58 - ждем загрузку страницы
2025-11-12 11:07:26 - INFO - wb_parcing_orig:60 - ищем заголовок таблицы
2025-11-12 11:07:26 - INFO - wb_parcing_orig:74 - начинаем сбор заголовков таблицы
2025-11-12 11:07:26 - INFO - wb_parcing_orig:85 - создаем CSV файл и записываем заголовки
2025-11-12 11:07:26 - INFO - wb_parcing_orig:93 - собираем данные по всем страницам
2025-11-12 11:07:26 - INFO - wb_parcing_orig:95 - обработка страницы 1
2025-11-12 11:08:09 - INFO - wb_parcing_orig:102 - ждем загрузку страницы данных
2025-11-12 11:08:19 - INFO - wb_parcing_orig:106 - контейнер таблицы найден
2025-11-12 11:08:19 - INFO - wb_parcing_orig:121 - ищем таблицу с данными
2025-11-12 11:08:19 - INFO - wb_parcing_orig:124 - найдено строк: 25
2025-11-12 11:08:20 - INFO - wb_parcing_orig:142 - page 1: 25 товаров, всего собрано 25
2025-11-12 11:08:20 - INFO - wb_parcing_orig:145 - запись данных страницы 1 в CSV
2025-11-12 11:08:20 - INFO - wb_parcing_orig:95 - обработка страницы 2
2025-11-12 11:09:02 - INFO - wb_parcing_orig:102 - ждем загрузку страницы данных
2025-11-12 11:09:12 - INFO - wb_parcing_orig:106 - контейнер таблицы найден
2025-11-12 11:09:12 - INFO - wb_parcing_orig:121 - ищем таблицу с данными
2025-11-12 11:09:12 - INFO - wb_parcing_orig:124 - найдено строк: 25
2025-11-12 11:09:13 - INFO - wb_parcing_orig:142 - page 2: 25 товаров, всего собрано 50
2025-11-12 11:09:13 - INFO - wb_parcing_orig:145 - запись данных страницы 2 в CSV
2025-11-12 11:09:13 - INFO - wb_parcing_orig:95 - обработка страницы 3
